-------------------  git  --------------------

(base) a17@17de-MBP video-list-app % gh auth login
? What account do you want to log into? GitHub.com
? What is your preferred protocol for Git operations? HTTPS
? Authenticate Git with your GitHub credentials? Yes
? How would you like to authenticate GitHub CLI? Paste an authentication token
Tip: you can generate a Personal Access Token here https://github.com/settings/tokens
The minimum required scopes are 'repo', 'read:org', 'workflow'.
? Paste your authentication token: ****************************************
- gh config set -h github.com git_protocol https
✓ Configured git protocol
✓ Logged in as 59417


A new release of gh is available: 2.9.0 → v2.12.1
To upgrade, run: brew update && brew upgrade gh
https://github.com/cli/cli/releases/tag/v2.12.1

(base) a17@17de-MBP video-list-app % gh repo create nextjs-video_list_app --public 
✓ Created repository 59417/nextjs-video_list_app on GitHub
(base) a17@17de-MBP video-list-app % gh auth logout
? Are you sure you want to log out of github.com account '59417'? Yes
✓ Logged out of github.com account '59417'


(base) a17@17de-MBP video-list-app % git add .
(base) a17@17de-MBP video-list-app % git commit -m "Next.js video-list app for deployment"
[main 1d0eb12] Next.js video-list app for deployment
 239 files changed, 16335 insertions(+), 431 deletions(-)
 create mode 100644 .env
 create mode 100644 components/TestFavs.js
 create mode 100644 components/TestFavs.module.css
 create mode 100644 components/body/AllList.js
 create mode 100644 components/body/HashtagContainer.js
 create mode 100644 components/body/HashtagContainer.module.css
 create mode 100644 components/body/HomeBody.js
 create mode 100644 components/body/HomeBody.module.css
 create mode 100644 components/body/ListContainer.js
 create mode 100644 components/body/ListContainer.module.css
 create mode 100644 components/body/SelectContainer.js
 create mode 100644 components/body/SelectContainer.module.css
 create mode 100644 components/body/TagsBody.js
 create mode 100644 components/body/TagsBody.module.css
 create mode 100644 components/body/backstage/EditIcon.js
 create mode 100644 components/body/backstage/EditList.js
 create mode 100644 components/body/backstage/EditList.module.css
 create mode 100644 components/body/backstage/Login.js
 create mode 100644 components/body/backstage/Login.module.css
 create mode 100644 components/body/backstage/VideoEdit.js
 create mode 100644 components/body/backstage/VideoEdit.module.css
 create mode 100644 components/body/backstage/[Cart].js
 create mode 100644 components/body/blocks/Video.js
 create mode 100644 components/body/blocks/Video.module.css
 create mode 100644 components/body/blocks/VideoContainer.js
 create mode 100644 components/body/blocks/VideoContainer.module.css
 create mode 100644 components/body/blocks/VideoDescription.js
 create mode 100644 components/body/blocks/VideoDescription.module.css
 create mode 100644 components/body/blocks/VideoImage.js
 create mode 100644 components/body/blocks/VideoImage.module.css
 create mode 100644 components/body/blocks/VideoList.js
 create mode 100644 components/body/blocks/VideoList.module.css
 create mode 100644 components/body/detail/DetailImage.js
 create mode 100644 components/body/detail/Details.js
 create mode 100644 components/body/detail/Details.module.css
 create mode 100644 components/body/goback/GoBack.js
 create mode 100644 components/body/headers/AllHeader.js
 create mode 100644 components/body/headers/AllHeader.module.css
 create mode 100644 components/body/headers/HashtagHeader.js
 create mode 100644 components/body/headers/HashtagHeader.module.css
 create mode 100644 components/body/headers/SelectHeader.js
 create mode 100644 components/body/headers/SelectHeader.module.css
 create mode 100644 components/body/headers/TagHeader.js
 create mode 100644 components/body/headers/TagHeader.module.css
 create mode 100644 components/body/marquee/Marquee.js
 create mode 100644 components/body/marquee/Marquee.module.css
 create mode 100644 components/body/marquee/VideoThumbnail.js
 create mode 100644 components/body/marquee/VideoThumbnail.module.css
 create mode 100644 components/body/tags/TagsRandom.js
 create mode 100644 components/data.js
 create mode 100644 components/data_all.js
 create mode 100644 components/layout/Header.js
 create mode 100644 components/layout/Header.module.css
 create mode 100644 components/layout/Layout.js
 create mode 100644 components/layout/Layout.module.css
 create mode 100644 components/random.js
 create mode 100644 components/sidebar/MenuIcon.js
 create mode 100644 components/sidebar/Sidebar.js
 create mode 100644 components/sidebar/Sidebar.module.css
 create mode 100644 lib/db.js
 create mode 100644 mylog.log
 create mode 100644 package_json_deleted.js
 rewrite pages/_app.js (67%)
 create mode 100644 pages/api/category.js
 create mode 100644 pages/api/favorite.js
 create mode 100644 pages/api/loginform.js
 create mode 100644 pages/api/tags-dict.js
 create mode 100644 pages/api/videos.js
 create mode 100644 pages/backstage/edit-list/[editId].js
 create mode 100644 pages/backstage/edit-list/index.js
 create mode 100644 pages/backstage/index.js
 create mode 100644 pages/category/index.js
 create mode 100644 pages/favorites/harlan-coben.js
 create mode 100644 pages/favorites/index.js
 create mode 100644 pages/favorites/oriol-paulo.js
 create mode 100644 pages/favorites/ryan-murphy.js
 create mode 100644 pages/favorites/series.js
 create mode 100644 pages/favorites/the-conjuring-universe.js
 create mode 100644 pages/hashtag/[tagId].js
 create mode 100644 pages/hashtag/index.js
 rewrite pages/index.js (96%)
 create mode 100644 pages/test.js
 create mode 100644 pages/view-all/[videoId].js
 create mode 100644 pages/view-all/index.js
 create mode 100644 public/babe.JPG
 create mode 100644 public/datas/netflix.json
 create mode 100644 public/datas/netflix_id.json
 create mode 100644 public/datas/netflix_id2.json
 create mode 100644 public/datas/netflix_keep129.json
 create mode 100644 public/datas/netflix_tag2.json
 delete mode 100644 public/favicon.ico
 create mode 100644 public/film.png
 create mode 100644 public/film_pic/DSC_00462.png
 create mode 100644 public/film_pic/DSC_02532.png
 create mode 100644 public/film_pic/DSC_05372.png
 create mode 100644 public/film_pic/DSC_13702.png
 create mode 100644 public/film_pic/DSC_19982.png
 create mode 100644 public/film_pic/DSC_35712.png
 create mode 100644 public/film_pic/DSC_38942.png
 create mode 100644 public/film_pic/DSC_40262.png
 create mode 100644 public/header.png
 delete mode 100644 public/vercel.svg
 create mode 100644 public/video_thumbnail/02bde40d.png
 create mode 100644 public/video_thumbnail/.......
 create mode 100644 public/video_thumbnail/fb44c1ae.png
 create mode 100644 py/.ipynb_checkpoints/filters-checkpoint.ipynb
 create mode 100644 py/filters.ipynb
 create mode 100644 res.js
 rewrite styles/Home.module.css (96%)
 create mode 100644 styles/app.scss
(base) a17@17de-MBP video-list-app % git branch -M main
(base) a17@17de-MBP video-list-app % git remote add origin git@github.com:59417/nextjs-video_list_app.git
(base) a17@17de-MBP video-list-app % git push -u origin main
枚舉物件: 284, 完成.
物件計數中: 100% (284/284), 完成.
使用 2 個執行緒進行壓縮
壓縮物件中: 100% (277/277), 完成.
寫入物件中: 100% (284/284), 63.63 MiB | 1.28 MiB/s, 完成.
總共 284 (差異 23)，復用 0 (差異 0)，重用包 0
remote: Resolving deltas: 100% (23/23), done.
To github.com:59417/nextjs-video_list_app.git
 * [new branch]      main -> main
分支 'main' 設定為追蹤來自 'origin' 的遠端分支 'main'。


-------------------  git v.2  --------------------

(base) a17@17de-MBP video-list-app % git add .
(base) a17@17de-MBP video-list-app % git commit -m "Add dev and prod env API_URL"                        
[main b7baab1] Add dev and prod env API_URL
 13 files changed, 150 insertions(+), 10 deletions(-)
 create mode 100644 .env.development
 create mode 100644 .env.production
(base) a17@17de-MBP video-list-app % git push -u origin main                                             
枚舉物件: 33, 完成.
物件計數中: 100% (33/33), 完成.
使用 2 個執行緒進行壓縮
壓縮物件中: 100% (15/15), 完成.
寫入物件中: 100% (18/18), 3.57 KiB | 3.57 MiB/s, 完成.
總共 18 (差異 11)，復用 0 (差異 0)，重用包 0
remote: Resolving deltas: 100% (11/11), completed with 11 local objects.
To github.com:59417/nextjs-video_list_app.git
   1d0eb12..b7baab1  main -> main
分支 'main' 設定為追蹤來自 'origin' 的遠端分支 'main'。


-------------------  git v.3  --------------------

(base) a17@17de-MBP video-list-app % git add .
(base) a17@17de-MBP video-list-app % git commit -m "Edit getServerSideProps"    
[main 1a4d0f1] Edit getServerSideProps
 9 files changed, 139 insertions(+), 71 deletions(-)
(base) a17@17de-MBP video-list-app % git push -u origin main
枚舉物件: 27, 完成.
物件計數中: 100% (27/27), 完成.
使用 2 個執行緒進行壓縮
壓縮物件中: 100% (13/13), 完成.
寫入物件中: 100% (14/14), 2.25 KiB | 2.25 MiB/s, 完成.
總共 14 (差異 9)，復用 0 (差異 0)，重用包 0
remote: Resolving deltas: 100% (9/9), completed with 4 local objects.
To github.com:59417/nextjs-video_list_app.git
   a0b7494..1a4d0f1  main -> main
分支 'main' 設定為追蹤來自 'origin' 的遠端分支 'main'。


-------------------  git v.4  --------------------

(base) a17@17de-MBP video-list-app % git add .                               
(base) a17@17de-MBP video-list-app % git commit -m "Use import data in getServerSideProps"  
[main 53b502b] Use import data in getServerSideProps
 10 files changed, 40 insertions(+), 19 deletions(-)
(base) a17@17de-MBP video-list-app % git push -u origin main                               
枚舉物件: 29, 完成.
物件計數中: 100% (29/29), 完成.
使用 2 個執行緒進行壓縮
壓縮物件中: 100% (14/14), 完成.
寫入物件中: 100% (15/15), 1.52 KiB | 1.52 MiB/s, 完成.
總共 15 (差異 11)，復用 0 (差異 0)，重用包 0
remote: Resolving deltas: 100% (11/11), completed with 11 local objects.
To github.com:59417/nextjs-video_list_app.git
   1a4d0f1..53b502b  main -> main
分支 'main' 設定為追蹤來自 'origin' 的遠端分支 'main'。


-------------------  git v.5  --------------------

(base) a17@17de-MBP video-list-app % git add .                                             
(base) a17@17de-MBP video-list-app % git commit -m "Edit /page/backstage/edit-list getStaticProps"     
[main 02cee2a] Edit /page/backstage/edit-list getStaticProps
 2 files changed, 19 insertions(+), 4 deletions(-)
(base) a17@17de-MBP video-list-app % git push -u origin main                                       
枚舉物件: 13, 完成.
物件計數中: 100% (13/13), 完成.
使用 2 個執行緒進行壓縮
壓縮物件中: 100% (7/7), 完成.
寫入物件中: 100% (7/7), 834 位元組 | 208.00 KiB/s, 完成.
總共 7 (差異 4)，復用 0 (差異 0)，重用包 0
remote: Resolving deltas: 100% (4/4), completed with 4 local objects.
To github.com:59417/nextjs-video_list_app.git
   53b502b..02cee2a  main -> main
分支 'main' 設定為追蹤來自 'origin' 的遠端分支 'main'。


-------------------  git v.6  --------------------

(base) a17@17de-MBP video-list-app % git add .                                                     
(base) a17@17de-MBP video-list-app % git commit -m "Add mongodb_data.js"                           
[main febab8f] Add mongodb_data.js
 15 files changed, 441 insertions(+), 20 deletions(-)
 create mode 100644 components/mongodb_data.js
(base) a17@17de-MBP video-list-app % git push -u origin main             
枚舉物件: 48, 完成.
物件計數中: 100% (48/48), 完成.
使用 2 個執行緒進行壓縮
壓縮物件中: 100% (24/24), 完成.
寫入物件中: 100% (25/25), 6.38 KiB | 1.59 MiB/s, 完成.
總共 25 (差異 17)，復用 0 (差異 0)，重用包 0
remote: Resolving deltas: 100% (17/17), completed with 17 local objects.
To github.com:59417/nextjs-video_list_app.git
   02cee2a..febab8f  main -> main
分支 'main' 設定為追蹤來自 'origin' 的遠端分支 'main'。


-------------------  git v.7  --------------------

(base) a17@17de-MBP video-list-app % git add .                           
(base) a17@17de-MBP video-list-app % git commit -m "Toggle fetch comment line" 
[main 334695e] Toggle fetch comment line
 9 files changed, 16 insertions(+), 107 deletions(-)
 delete mode 100644 components/body/backstage/[Cart].js
(base) a17@17de-MBP video-list-app % git push -u origin main                   
枚舉物件: 31, 完成.
物件計數中: 100% (31/31), 完成.
使用 2 個執行緒進行壓縮
壓縮物件中: 100% (15/15), 完成.
寫入物件中: 100% (16/16), 1.22 KiB | 1.22 MiB/s, 完成.
總共 16 (差異 13)，復用 0 (差異 0)，重用包 0
remote: Resolving deltas: 100% (13/13), completed with 13 local objects.
To github.com:59417/nextjs-video_list_app.git
   febab8f..334695e  main -> main
分支 'main' 設定為追蹤來自 'origin' 的遠端分支 'main'。


-------------------  git v.8  --------------------

(base) a17@17de-MBP video-list-app % git add .                                 
(base) a17@17de-MBP video-list-app % git commit -m "Edit Homepage <Sidebar>"   
[main 7ef5962] Edit Homepage <Sidebar>
 14 files changed, 178 insertions(+), 15 deletions(-)
 create mode 100644 components/sidebar/SidebarMobile.js
 delete mode 100644 public/babe.JPG
 rewrite public/film_pic/DSC_00462.png (93%)
 rewrite public/film_pic/DSC_02532.png (94%)
 rewrite public/film_pic/DSC_05372.png (93%)
 rewrite public/film_pic/DSC_13702.png (94%)
 rewrite public/film_pic/DSC_19982.png (93%)
 rewrite public/film_pic/DSC_35712.png (94%)
 rewrite public/film_pic/DSC_38942.png (93%)
 rewrite public/film_pic/DSC_40262.png (94%)
 rewrite public/header.png (97%)
(base) a17@17de-MBP video-list-app % git push -u origin main                 
枚舉物件: 40, 完成.
物件計數中: 100% (40/40), 完成.
使用 2 個執行緒進行壓縮
壓縮物件中: 100% (21/21), 完成.
寫入物件中: 100% (21/21), 5.15 MiB | 1.09 MiB/s, 完成.
總共 21 (差異 7)，復用 0 (差異 0)，重用包 0
remote: Resolving deltas: 100% (7/7), completed with 7 local objects.
To github.com:59417/nextjs-video_list_app.git
   334695e..7ef5962  main -> main
分支 'main' 設定為追蹤來自 'origin' 的遠端分支 'main'。



-------------------  git v.9  --------------------

(base) a17@17de-MBP video-list-app % git add .                               
(base) a17@17de-MBP video-list-app % git commit -m "Edit Homepage isMenu state" 
[main 638ee95] Edit Homepage isMenu state
 2 files changed, 38 insertions(+), 8 deletions(-)
(base) a17@17de-MBP video-list-app % git push -u origin main                    
枚舉物件: 9, 完成.
物件計數中: 100% (9/9), 完成.
使用 2 個執行緒進行壓縮
壓縮物件中: 100% (5/5), 完成.
寫入物件中: 100% (5/5), 846 位元組 | 846.00 KiB/s, 完成.
總共 5 (差異 4)，復用 0 (差異 0)，重用包 0
remote: Resolving deltas: 100% (4/4), completed with 4 local objects.
To github.com:59417/nextjs-video_list_app.git
   7ef5962..638ee95  main -> main
分支 'main' 設定為追蹤來自 'origin' 的遠端分支 'main'。


-------------------  git v.10  --------------------

(base) a17@17de-MBP video-list-app % git add .                                  
(base) a17@17de-MBP video-list-app % git commit -m "Edit Homepage isMenu state and Home.module.css" 
[main ec581e5] Edit Homepage isMenu state and Home.module.css
 2 files changed, 23 insertions(+), 3 deletions(-)
(base) a17@17de-MBP video-list-app % git push -u origin main                                        
枚舉物件: 9, 完成.
物件計數中: 100% (9/9), 完成.
使用 2 個執行緒進行壓縮
壓縮物件中: 100% (5/5), 完成.
寫入物件中: 100% (5/5), 683 位元組 | 683.00 KiB/s, 完成.
總共 5 (差異 3)，復用 0 (差異 0)，重用包 0
remote: Resolving deltas: 100% (3/3), completed with 3 local objects.
To github.com:59417/nextjs-video_list_app.git
   638ee95..ec581e5  main -> main
分支 'main' 設定為追蹤來自 'origin' 的遠端分支 'main'。


-------------------  git v.11  --------------------

(base) a17@17de-MBP video-list-app % git add .                                                  
(base) a17@17de-MBP video-list-app % git commit -m "All pages - modify Sidebar and SidebarMobile"   
[main 6a200d4] All pages - modify Sidebar and SidebarMobile
 15 files changed, 243 insertions(+), 120 deletions(-)
(base) a17@17de-MBP video-list-app % git push -u origin main                                      
枚舉物件: 47, 完成.
物件計數中: 100% (47/47), 完成.
使用 2 個執行緒進行壓縮
壓縮物件中: 100% (23/23), 完成.
寫入物件中: 100% (24/24), 3.34 KiB | 1.11 MiB/s, 完成.
總共 24 (差異 16)，復用 0 (差異 0)，重用包 0
remote: Resolving deltas: 100% (16/16), completed with 10 local objects.
To github.com:59417/nextjs-video_list_app.git
   40f83c2..6a200d4  main -> main
分支 'main' 設定為追蹤來自 'origin' 的遠端分支 'main'。


-------------------  git v.12  --------------------

(base) a17@17de-MBP video-list-app % git add .                                                    
(base) a17@17de-MBP video-list-app % git commit -m "Modify app.scss bulma import"                
[main 7e2024e] Modify app.scss bulma import
 2 files changed, 21 insertions(+), 1 deletion(-)
(base) a17@17de-MBP video-list-app % git push -u origin main                      
枚舉物件: 9, 完成.
物件計數中: 100% (9/9), 完成.
使用 2 個執行緒進行壓縮
壓縮物件中: 100% (5/5), 完成.
寫入物件中: 100% (5/5), 746 位元組 | 746.00 KiB/s, 完成.
總共 5 (差異 3)，復用 0 (差異 0)，重用包 0
remote: Resolving deltas: 100% (3/3), completed with 3 local objects.
To github.com:59417/nextjs-video_list_app.git
   6a200d4..7e2024e  main -> main
分支 'main' 設定為追蹤來自 'origin' 的遠端分支 'main'。


-------------------  git v.13  --------------------

(base) a17@17de-MBP video-list-app % git add .                                    
(base) a17@17de-MBP video-list-app % git commit -m "Modify TagsBody css"          
[main d91f71e] Modify TagsBody css
 1 file changed, 1 insertion(+), 1 deletion(-)
(base) a17@17de-MBP video-list-app % git push -u origin main             
枚舉物件: 9, 完成.
物件計數中: 100% (9/9), 完成.
使用 2 個執行緒進行壓縮
壓縮物件中: 100% (5/5), 完成.
寫入物件中: 100% (5/5), 464 位元組 | 464.00 KiB/s, 完成.
總共 5 (差異 4)，復用 0 (差異 0)，重用包 0
remote: Resolving deltas: 100% (4/4), completed with 4 local objects.
To github.com:59417/nextjs-video_list_app.git
   6d842e7..d91f71e  main -> main
分支 'main' 設定為追蹤來自 'origin' 的遠端分支 'main'。


-------------------  git v.14  --------------------

(base) a17@17de-MBP video-list-app % git add .
(base) a17@17de-MBP video-list-app % git commit -m "Modify TagsBody css (add width)" 
[main 8731206] Modify TagsBody css (add width)
 2 files changed, 21 insertions(+)
(base) a17@17de-MBP video-list-app % git push -u origin main                         
枚舉物件: 11, 完成.
物件計數中: 100% (11/11), 完成.
使用 2 個執行緒進行壓縮
壓縮物件中: 100% (6/6), 完成.
寫入物件中: 100% (6/6), 658 位元組 | 658.00 KiB/s, 完成.
總共 6 (差異 5)，復用 0 (差異 0)，重用包 0
remote: Resolving deltas: 100% (5/5), completed with 5 local objects.
To github.com:59417/nextjs-video_list_app.git
   d91f71e..8731206  main -> main
分支 'main' 設定為追蹤來自 'origin' 的遠端分支 'main'。


-------------------  git v.15  --------------------

(base) a17@17de-MBP video-list-app % git add .                           
(base) a17@17de-MBP video-list-app % git commit -m "Modify TagsBody tag span to div"  
[main 8e26135] Modify TagsBody tag span to div
 2 files changed, 7 insertions(+), 4 deletions(-)
(base) a17@17de-MBP video-list-app % git push -u origin main                         
枚舉物件: 11, 完成.
物件計數中: 100% (11/11), 完成.
使用 2 個執行緒進行壓縮
壓縮物件中: 100% (6/6), 完成.
寫入物件中: 100% (6/6), 644 位元組 | 644.00 KiB/s, 完成.
總共 6 (差異 5)，復用 0 (差異 0)，重用包 0
remote: Resolving deltas: 100% (5/5), completed with 5 local objects.
To github.com:59417/nextjs-video_list_app.git
   68b6a9a..8e26135  main -> main
分支 'main' 設定為追蹤來自 'origin' 的遠端分支 'main'。