-------------------  git  --------------------

(base) a17@17de-MBP video-list-app % gh auth login
? What account do you want to log into? GitHub.com
? What is your preferred protocol for Git operations? HTTPS
? Authenticate Git with your GitHub credentials? Yes
? How would you like to authenticate GitHub CLI? Paste an authentication token
Tip: you can generate a Personal Access Token here https://github.com/settings/tokens
The minimum required scopes are 'repo', 'read:org', 'workflow'.
? Paste your authentication token: ****************************************
- gh config set -h github.com git_protocol https
✓ Configured git protocol
✓ Logged in as 59417


A new release of gh is available: 2.9.0 → v2.12.1
To upgrade, run: brew update && brew upgrade gh
https://github.com/cli/cli/releases/tag/v2.12.1

(base) a17@17de-MBP video-list-app % gh repo create nextjs-video_list_app --public 
✓ Created repository 59417/nextjs-video_list_app on GitHub
(base) a17@17de-MBP video-list-app % gh auth logout
? Are you sure you want to log out of github.com account '59417'? Yes
✓ Logged out of github.com account '59417'


(base) a17@17de-MBP video-list-app % git add .
(base) a17@17de-MBP video-list-app % git commit -m "Next.js video-list app for deployment"
[main 1d0eb12] Next.js video-list app for deployment
 239 files changed, 16335 insertions(+), 431 deletions(-)
 create mode 100644 .env
 create mode 100644 components/TestFavs.js
 create mode 100644 components/TestFavs.module.css
 create mode 100644 components/body/AllList.js
 create mode 100644 components/body/HashtagContainer.js
 create mode 100644 components/body/HashtagContainer.module.css
 create mode 100644 components/body/HomeBody.js
 create mode 100644 components/body/HomeBody.module.css
 create mode 100644 components/body/ListContainer.js
 create mode 100644 components/body/ListContainer.module.css
 create mode 100644 components/body/SelectContainer.js
 create mode 100644 components/body/SelectContainer.module.css
 create mode 100644 components/body/TagsBody.js
 create mode 100644 components/body/TagsBody.module.css
 create mode 100644 components/body/backstage/EditIcon.js
 create mode 100644 components/body/backstage/EditList.js
 create mode 100644 components/body/backstage/EditList.module.css
 create mode 100644 components/body/backstage/Login.js
 create mode 100644 components/body/backstage/Login.module.css
 create mode 100644 components/body/backstage/VideoEdit.js
 create mode 100644 components/body/backstage/VideoEdit.module.css
 create mode 100644 components/body/backstage/[Cart].js
 create mode 100644 components/body/blocks/Video.js
 create mode 100644 components/body/blocks/Video.module.css
 create mode 100644 components/body/blocks/VideoContainer.js
 create mode 100644 components/body/blocks/VideoContainer.module.css
 create mode 100644 components/body/blocks/VideoDescription.js
 create mode 100644 components/body/blocks/VideoDescription.module.css
 create mode 100644 components/body/blocks/VideoImage.js
 create mode 100644 components/body/blocks/VideoImage.module.css
 create mode 100644 components/body/blocks/VideoList.js
 create mode 100644 components/body/blocks/VideoList.module.css
 create mode 100644 components/body/detail/DetailImage.js
 create mode 100644 components/body/detail/Details.js
 create mode 100644 components/body/detail/Details.module.css
 create mode 100644 components/body/goback/GoBack.js
 create mode 100644 components/body/headers/AllHeader.js
 create mode 100644 components/body/headers/AllHeader.module.css
 create mode 100644 components/body/headers/HashtagHeader.js
 create mode 100644 components/body/headers/HashtagHeader.module.css
 create mode 100644 components/body/headers/SelectHeader.js
 create mode 100644 components/body/headers/SelectHeader.module.css
 create mode 100644 components/body/headers/TagHeader.js
 create mode 100644 components/body/headers/TagHeader.module.css
 create mode 100644 components/body/marquee/Marquee.js
 create mode 100644 components/body/marquee/Marquee.module.css
 create mode 100644 components/body/marquee/VideoThumbnail.js
 create mode 100644 components/body/marquee/VideoThumbnail.module.css
 create mode 100644 components/body/tags/TagsRandom.js
 create mode 100644 components/data.js
 create mode 100644 components/data_all.js
 create mode 100644 components/layout/Header.js
 create mode 100644 components/layout/Header.module.css
 create mode 100644 components/layout/Layout.js
 create mode 100644 components/layout/Layout.module.css
 create mode 100644 components/random.js
 create mode 100644 components/sidebar/MenuIcon.js
 create mode 100644 components/sidebar/Sidebar.js
 create mode 100644 components/sidebar/Sidebar.module.css
 create mode 100644 lib/db.js
 create mode 100644 mylog.log
 create mode 100644 package_json_deleted.js
 rewrite pages/_app.js (67%)
 create mode 100644 pages/api/category.js
 create mode 100644 pages/api/favorite.js
 create mode 100644 pages/api/loginform.js
 create mode 100644 pages/api/tags-dict.js
 create mode 100644 pages/api/videos.js
 create mode 100644 pages/backstage/edit-list/[editId].js
 create mode 100644 pages/backstage/edit-list/index.js
 create mode 100644 pages/backstage/index.js
 create mode 100644 pages/category/index.js
 create mode 100644 pages/favorites/harlan-coben.js
 create mode 100644 pages/favorites/index.js
 create mode 100644 pages/favorites/oriol-paulo.js
 create mode 100644 pages/favorites/ryan-murphy.js
 create mode 100644 pages/favorites/series.js
 create mode 100644 pages/favorites/the-conjuring-universe.js
 create mode 100644 pages/hashtag/[tagId].js
 create mode 100644 pages/hashtag/index.js
 rewrite pages/index.js (96%)
 create mode 100644 pages/test.js
 create mode 100644 pages/view-all/[videoId].js
 create mode 100644 pages/view-all/index.js
 create mode 100644 public/babe.JPG
 create mode 100644 public/datas/netflix.json
 create mode 100644 public/datas/netflix_id.json
 create mode 100644 public/datas/netflix_id2.json
 create mode 100644 public/datas/netflix_keep129.json
 create mode 100644 public/datas/netflix_tag2.json
 delete mode 100644 public/favicon.ico
 create mode 100644 public/film.png
 create mode 100644 public/film_pic/DSC_00462.png
 create mode 100644 public/film_pic/DSC_02532.png
 create mode 100644 public/film_pic/DSC_05372.png
 create mode 100644 public/film_pic/DSC_13702.png
 create mode 100644 public/film_pic/DSC_19982.png
 create mode 100644 public/film_pic/DSC_35712.png
 create mode 100644 public/film_pic/DSC_38942.png
 create mode 100644 public/film_pic/DSC_40262.png
 create mode 100644 public/header.png
 delete mode 100644 public/vercel.svg
 create mode 100644 public/video_thumbnail/02bde40d.png
 create mode 100644 public/video_thumbnail/.......
 create mode 100644 public/video_thumbnail/fb44c1ae.png
 create mode 100644 py/.ipynb_checkpoints/filters-checkpoint.ipynb
 create mode 100644 py/filters.ipynb
 create mode 100644 res.js
 rewrite styles/Home.module.css (96%)
 create mode 100644 styles/app.scss
(base) a17@17de-MBP video-list-app % git branch -M main
(base) a17@17de-MBP video-list-app % git remote add origin git@github.com:59417/nextjs-video_list_app.git
(base) a17@17de-MBP video-list-app % git push -u origin main
枚舉物件: 284, 完成.
物件計數中: 100% (284/284), 完成.
使用 2 個執行緒進行壓縮
壓縮物件中: 100% (277/277), 完成.
寫入物件中: 100% (284/284), 63.63 MiB | 1.28 MiB/s, 完成.
總共 284 (差異 23)，復用 0 (差異 0)，重用包 0
remote: Resolving deltas: 100% (23/23), done.
To github.com:59417/nextjs-video_list_app.git
 * [new branch]      main -> main
分支 'main' 設定為追蹤來自 'origin' 的遠端分支 'main'。


-------------------  git v.2  --------------------

(base) a17@17de-MBP video-list-app % git add .
(base) a17@17de-MBP video-list-app % git commit -m "Add dev and prod env API_URL"                        
[main b7baab1] Add dev and prod env API_URL
 13 files changed, 150 insertions(+), 10 deletions(-)
 create mode 100644 .env.development
 create mode 100644 .env.production
(base) a17@17de-MBP video-list-app % git push -u origin main                                             
枚舉物件: 33, 完成.
物件計數中: 100% (33/33), 完成.
使用 2 個執行緒進行壓縮
壓縮物件中: 100% (15/15), 完成.
寫入物件中: 100% (18/18), 3.57 KiB | 3.57 MiB/s, 完成.
總共 18 (差異 11)，復用 0 (差異 0)，重用包 0
remote: Resolving deltas: 100% (11/11), completed with 11 local objects.
To github.com:59417/nextjs-video_list_app.git
   1d0eb12..b7baab1  main -> main
分支 'main' 設定為追蹤來自 'origin' 的遠端分支 'main'。


-------------------  git v.3  --------------------

(base) a17@17de-MBP video-list-app % git add .
(base) a17@17de-MBP video-list-app % git commit -m "Edit getServerSideProps"    
[main 1a4d0f1] Edit getServerSideProps
 9 files changed, 139 insertions(+), 71 deletions(-)
(base) a17@17de-MBP video-list-app % git push -u origin main
枚舉物件: 27, 完成.
物件計數中: 100% (27/27), 完成.
使用 2 個執行緒進行壓縮
壓縮物件中: 100% (13/13), 完成.
寫入物件中: 100% (14/14), 2.25 KiB | 2.25 MiB/s, 完成.
總共 14 (差異 9)，復用 0 (差異 0)，重用包 0
remote: Resolving deltas: 100% (9/9), completed with 4 local objects.
To github.com:59417/nextjs-video_list_app.git
   a0b7494..1a4d0f1  main -> main
分支 'main' 設定為追蹤來自 'origin' 的遠端分支 'main'。


-------------------  git v.4  --------------------

(base) a17@17de-MBP video-list-app % git add .                               
(base) a17@17de-MBP video-list-app % git commit -m "Use import data in getServerSideProps"  
[main 53b502b] Use import data in getServerSideProps
 10 files changed, 40 insertions(+), 19 deletions(-)
(base) a17@17de-MBP video-list-app % git push -u origin main                               
枚舉物件: 29, 完成.
物件計數中: 100% (29/29), 完成.
使用 2 個執行緒進行壓縮
壓縮物件中: 100% (14/14), 完成.
寫入物件中: 100% (15/15), 1.52 KiB | 1.52 MiB/s, 完成.
總共 15 (差異 11)，復用 0 (差異 0)，重用包 0
remote: Resolving deltas: 100% (11/11), completed with 11 local objects.
To github.com:59417/nextjs-video_list_app.git
   1a4d0f1..53b502b  main -> main
分支 'main' 設定為追蹤來自 'origin' 的遠端分支 'main'。
